// Vitest Snapshot v1, https://vitest.dev/guide/snapshot.html

exports[`ParticipantBadge snapshot > Should match snapshot 1`] = `
{
  "component": Title {
    "$$": {
      "after_update": [],
      "before_update": [],
      "bound": {},
      "callbacks": {},
      "context": Map {},
      "ctx": [
        undefined,
        undefined,
        false,
        false,
        false,
        undefined,
        [Function],
        [Function],
        [Function],
        [Function],
        [Function],
        [Function],
        [Function],
      ],
      "dirty": [
        -1,
      ],
      "fragment": {
        "c": [Function],
        "d": [Function],
        "i": [Function],
        "l": [Function],
        "m": [Function],
        "o": [Function],
        "p": [Function],
      },
      "not_equal": [Function],
      "on_destroy": [
        [Function],
      ],
      "on_disconnect": [],
      "on_mount": [],
      "props": {
        "title": 0,
      },
      "root": <div>
        <h3
          class="text-3xl mb-2 font-bold cursor-pointer w-max tooltip-error tooltip-left false"
        >
          undefined
           
          <iconify-icon
            class="text-primary text-2xl bg-transparent text-opacity-75 invisible"
            icon="mdi:pencil"
            role="button"
          />
        </h3>
      </div>,
      "skip_bound": false,
      "update": [Function],
    },
    "$$events_def": undefined,
    "$$prop_def": undefined,
    "$$set": [Function],
    "$$slot_def": undefined,
    "$capture_state": [Function],
    "$inject_state": [Function],
  },
  "container": <body>
    <div>
      <h3
        class="text-3xl mb-2 font-bold cursor-pointer w-max tooltip-error tooltip-left false"
      >
        undefined
         
        <iconify-icon
          class="text-primary text-2xl bg-transparent text-opacity-75 invisible"
          icon="mdi:pencil"
          role="button"
        />
      </h3>
    </div>
  </body>,
  "debug": [Function],
  "findAllByAltText": [Function],
  "findAllByDisplayValue": [Function],
  "findAllByLabelText": [Function],
  "findAllByPlaceholderText": [Function],
  "findAllByRole": [Function],
  "findAllByTestId": [Function],
  "findAllByText": [Function],
  "findAllByTitle": [Function],
  "findByAltText": [Function],
  "findByDisplayValue": [Function],
  "findByLabelText": [Function],
  "findByPlaceholderText": [Function],
  "findByRole": [Function],
  "findByTestId": [Function],
  "findByText": [Function],
  "findByTitle": [Function],
  "getAllByAltText": [Function],
  "getAllByDisplayValue": [Function],
  "getAllByLabelText": [Function],
  "getAllByPlaceholderText": [Function],
  "getAllByRole": [Function],
  "getAllByTestId": [Function],
  "getAllByText": [Function],
  "getAllByTitle": [Function],
  "getByAltText": [Function],
  "getByDisplayValue": [Function],
  "getByLabelText": [Function],
  "getByPlaceholderText": [Function],
  "getByRole": [Function],
  "getByTestId": [Function],
  "getByText": [Function],
  "getByTitle": [Function],
  "queryAllByAltText": [Function],
  "queryAllByDisplayValue": [Function],
  "queryAllByLabelText": [Function],
  "queryAllByPlaceholderText": [Function],
  "queryAllByRole": [Function],
  "queryAllByTestId": [Function],
  "queryAllByText": [Function],
  "queryAllByTitle": [Function],
  "queryByAltText": [Function],
  "queryByDisplayValue": [Function],
  "queryByLabelText": [Function],
  "queryByPlaceholderText": [Function],
  "queryByRole": [Function],
  "queryByTestId": [Function],
  "queryByText": [Function],
  "queryByTitle": [Function],
  "rerender": [Function],
  "unmount": [Function],
}
`;
