// Vitest Snapshot v1, https://vitest.dev/guide/snapshot.html

exports[`Participants snapshot > Should match snapshot 1`] = `
{
  "component": Participants {
    "$$": {
      "after_update": [],
      "before_update": [],
      "bound": {},
      "callbacks": {},
      "context": Map {},
      "ctx": [
        [],
        undefined,
        false,
        [Function],
        [Function],
        [Function],
        [Function],
        [Function],
      ],
      "dirty": [
        -1,
      ],
      "fragment": {
        "c": [Function],
        "d": [Function],
        "i": [Function],
        "l": [Function],
        "m": [Function],
        "o": [Function],
        "p": [Function],
      },
      "not_equal": [Function],
      "on_destroy": [
        [Function],
      ],
      "on_disconnect": [],
      "on_mount": [],
      "props": {},
      "root": <div>
        <div
          class="container flex items-start gap-2 w-4/5"
        >
          <span
            class=""
          >
            Participants:
          </span>
           
          <div
            class="badges flex flex-wrap gap-2"
            data-testid="participantBadges"
          >
             
            <div
              class="bg-primary rounded-full outline outline-primary bg-transparent flex items-center"
              data-testid="addParticipantBtn"
            >
              <iconify-icon
                class="cursor-pointer text-primary false text-[24px]"
                icon="ic:baseline-plus"
                role="button"
                tabindex="0"
              />
               
            </div>
          </div>
        </div>
      </div>,
      "skip_bound": false,
      "update": [Function],
    },
    "$$events_def": undefined,
    "$$prop_def": undefined,
    "$$set": undefined,
    "$$slot_def": undefined,
    "$capture_state": [Function],
    "$inject_state": [Function],
  },
  "container": <body>
    <div>
      <div
        class="container flex items-start gap-2 w-4/5"
      >
        <span
          class=""
        >
          Participants:
        </span>
         
        <div
          class="badges flex flex-wrap gap-2"
          data-testid="participantBadges"
        >
           
          <div
            class="bg-primary rounded-full outline outline-primary bg-transparent flex items-center"
            data-testid="addParticipantBtn"
          >
            <iconify-icon
              class="cursor-pointer text-primary false text-[24px]"
              icon="ic:baseline-plus"
              role="button"
              tabindex="0"
            />
             
          </div>
        </div>
      </div>
    </div>
  </body>,
  "debug": [Function],
  "findAllByAltText": [Function],
  "findAllByDisplayValue": [Function],
  "findAllByLabelText": [Function],
  "findAllByPlaceholderText": [Function],
  "findAllByRole": [Function],
  "findAllByTestId": [Function],
  "findAllByText": [Function],
  "findAllByTitle": [Function],
  "findByAltText": [Function],
  "findByDisplayValue": [Function],
  "findByLabelText": [Function],
  "findByPlaceholderText": [Function],
  "findByRole": [Function],
  "findByTestId": [Function],
  "findByText": [Function],
  "findByTitle": [Function],
  "getAllByAltText": [Function],
  "getAllByDisplayValue": [Function],
  "getAllByLabelText": [Function],
  "getAllByPlaceholderText": [Function],
  "getAllByRole": [Function],
  "getAllByTestId": [Function],
  "getAllByText": [Function],
  "getAllByTitle": [Function],
  "getByAltText": [Function],
  "getByDisplayValue": [Function],
  "getByLabelText": [Function],
  "getByPlaceholderText": [Function],
  "getByRole": [Function],
  "getByTestId": [Function],
  "getByText": [Function],
  "getByTitle": [Function],
  "queryAllByAltText": [Function],
  "queryAllByDisplayValue": [Function],
  "queryAllByLabelText": [Function],
  "queryAllByPlaceholderText": [Function],
  "queryAllByRole": [Function],
  "queryAllByTestId": [Function],
  "queryAllByText": [Function],
  "queryAllByTitle": [Function],
  "queryByAltText": [Function],
  "queryByDisplayValue": [Function],
  "queryByLabelText": [Function],
  "queryByPlaceholderText": [Function],
  "queryByRole": [Function],
  "queryByTestId": [Function],
  "queryByText": [Function],
  "queryByTitle": [Function],
  "rerender": [Function],
  "unmount": [Function],
}
`;
